supply_chain_data.csv
Store,Product,Price,Promotion,Stock_Level,Competitor_Price,Date,Sales
Store_B,Product_2,15.32,1,179,12.86,2023-01-15,363
Store_B,Product_2,13.05,1,249,17.63,2023-01-24,442
Store_B,Product_2,12.11,1,336,13.99,2023-02-18,418
Store_B,Product_2,13.76,0,155,14.55,2023-02-22,351
Store_B,Product_2,19.01,0,193,10.57,2023-03-06,288
Store_B,Product_2,8.38,0,286,17.02,2023-03-08,445
Store_B,Product_2,5.04,1,192,9.24,2023-04-22,440
Store_B,Product_2,8.44,1,338,5.33,2023-05-31,383
Store_B,Product_2,8.07,0,166,7.11,2023-06-16,304
Store_B,Product_2,6.54,1,128,17.93,2023-06-20,500
Store_B,Product_2,12.3,0,145,19.67,2023-06-27,394
Store_B,Product_2,9.67,0,449,11.71,2023-08-05,423
Store_B,Product_2,9.41,0,114,8.81,2023-09-19,319
Store_B,Product_2,12.22,1,262,8.67,2023-09-23,389
Store_B,Product_2,16.3,0,237,16.1,2023-09-29,393
Store_B,Product_2,13.35,0,282,19.88,2023-10-16,439
Store_B,Product_2,19.17,0,91,6.03,2023-10-23,188
Store_B,Product_2,16.61,0,326,12.19,2023-11-12,329
Store_B,Product_2,8.29,0,296,5.41,2023-11-15,362
Store_B,Product_2,19.62,0,339,19.49,2023-11-16,344
Store_B,Product_2,7.73,0,128,17.59,2023-11-22,436
Store_B,Product_2,7.1,0,66,18.16,2023-12-14,397
Store_B,Product_2,12.26,0,269,7.06,2024-01-10,330
Store_B,Product_2,9.05,1,386,10.11,2024-01-11,427
Store_B,Product_2,15.57,0,373,8.94,2024-01-23,306
Store_B,Product_2,15.36,0,189,11.76,2024-02-05,329
Store_B,Product_2,12.82,1,396,12.09,2024-02-06,405
Store_B,Product_2,16.38,1,318,11.71,2024-02-09,366
Store_B,Product_2,15.86,0,400,13.06,2024-02-12,332
Store_B,Product_2,14.7,0,429,17.66,2024-02-16,405
Store_B,Product_2,10.47,1,425,18.23,2024-03-09,519
Store_B,Product_2,13.41,0,454,15.06,2024-03-10,436
Store_B,Product_2,12.22,1,171,8.87,2024-03-11,356
Store_B,Product_2,13.59,1,317,15.82,2024-03-16,428
Store_B,Product_2,5.14,1,252,9.82,2024-04-01,463
Store_B,Product_2,13.83,0,240,17.25,2024-04-28,395
Store_B,Product_4,7.35,1,54,17.6,2023-01-17,468
Store_B,Product_4,10.66,1,477,17.49,2023-01-18,536
Store_B,Product_4,5.04,0,76,5.17,2023-01-19,297
Store_B,Product_4,19.79,0,279,16.34,2023-01-23,319
Store_B,Product_4,15.31,0,179,14.95,2023-02-02,304
Store_B,Product_4,9.96,1,52,8.54,2023-03-05,333
Store_B,Product_4,17.09,0,167,14.56,2023-03-13,287
Store_B,Product_4,15.45,0,370,16.21,2023-03-18,388
Store_B,Product_4,17.31,1,321,13.8,2023-03-27,411
Store_B,Product_4,6.32,0,455,12.08,2023-04-20,457
Store_B,Product_4,9.74,1,212,10.9,2023-05-17,381
Store_B,Product_4,15.6,0,439,8.39,2023-06-13,324
Store_B,Product_4,14.22,0,179,13.4,2023-07-11,315
Store_B,Product_4,6.53,0,394,10.86,2023-07-18,418
Store_B,Product_4,10.62,0,464,11.62,2023-07-24,382
Store_B,Product_4,16.82,0,89,7.53,2023-08-11,274
Store_B,Product_4,5.51,0,240,12.28,2023-08-26,424
Store_B,Product_4,12.73,0,63,14.84,2023-09-01,365
Store_B,Product_4,12.02,0,187,16.39,2023-09-14,400
Store_B,Product_4,18.46,0,240,14.21,2023-10-01,296
Store_B,Product_4,12.58,0,161,9.72,2023-10-11,286
Store_B,Product_4,18.31,0,276,14.83,2023-10-15,337
Store_B,Product_4,17.08,0,485,6.16,2023-10-18,296
Store_B,Product_4,7.12,0,446,16.45,2023-10-24,504
Store_B,Product_4,11.1,0,162,11.12,2023-10-25,354
Store_B,Product_4,12.69,0,493,14.32,2023-11-24,385
Store_B,Product_4,12.94,1,249,9.26,2023-12-06,371
Store_B,Product_4,6.36,0,100,12.33,2023-12-29,363
Store_B,Product_4,6.14,0,218,19.76,2024-01-26,500
Store_B,Product_4,6.55,0,304,5.6,2024-01-31,364
Store_B,Product_4,5.82,0,221,11.76,2024-03-04,397
Store_B,Product_4,5.79,0,305,16.25,2024-04-02,461
Store_B,Product_4,18.26,0,68,10.81,2024-04-30,230
Store_B,Product_4,14.01,0,72,17.78,2024-05-01,351
Store_B,Product_4,5.7,0,185,16.39,2024-05-11,438
Store_B,Product_3,18.02,0,209,16.24,2023-01-20,326
Store_B,Product_3,7.22,0,391,8.26,2023-01-31,389
Store_B,Product_3,17.67,0,264,5.03,2023-02-03,197
Store_B,Product_3,10.33,0,352,14.03,2023-02-19,418
Store_B,Product_3,14.73,0,360,5.34,2023-02-20,318
Store_B,Product_3,14.11,0,449,10.6,2023-03-02,336
Store_B,Product_3,12.47,0,185,16.03,2023-03-04,393
Store_B,Product_3,12.32,1,397,16.0,2023-03-10,476
Store_B,Product_3,19.63,1,280,7.48,2023-03-24,266
Store_B,Product_3,16.26,0,385,16.58,2023-05-10,393
Store_B,Product_3,13.1,0,305,15.88,2023-05-24,394
Store_B,Product_3,16.29,0,474,14.19,2023-06-12,378
Store_B,Product_3,13.05,0,117,11.9,2023-06-21,299
Store_B,Product_3,5.35,1,316,11.78,2023-07-21,458
Store_B,Product_3,6.16,1,132,7.8,2023-07-26,418
Store_B,Product_3,17.95,0,429,10.46,2023-08-15,315
Store_B,Product_3,18.69,0,280,6.76,2023-08-22,252
Store_B,Product_3,13.03,1,435,17.34,2023-09-06,449
Store_B,Product_3,10.44,0,333,5.27,2023-11-13,315
Store_B,Product_3,19.38,1,440,8.78,2023-12-27,295
Store_B,Product_3,17.56,0,310,5.49,2024-01-01,255
Store_B,Product_3,15.82,1,57,19.34,2024-01-04,357
Store_B,Product_3,19.24,1,187,15.42,2024-01-06,367
Store_B,Product_3,12.11,0,483,6.98,2024-01-19,373
Store_B,Product_3,9.72,0,419,14.06,2024-02-01,460
Store_B,Product_3,15.4,1,275,9.27,2024-02-17,360
Store_B,Product_3,13.82,0,322,10.95,2024-02-21,323
Store_B,Product_3,19.99,1,473,5.67,2024-02-22,293
Store_B,Product_3,12.1,1,232,17.25,2024-02-24,438
Store_B,Product_3,16.93,0,463,15.13,2024-03-02,339
Store_B,Product_3,11.4,0,198,18.07,2024-03-22,387
Store_B,Product_3,17.79,0,99,17.44,2024-04-16,315
Store_B,Product_3,9.16,1,137,15.42,2024-04-19,461
Store_B,Product_3,16.97,0,233,8.24,2024-04-26,255
Store_B,Product_3,8.88,0,52,12.0,2024-04-27,314
Store_B,Product_3,11.02,1,416,13.85,2024-05-06,475
Store_B,Product_3,17.46,1,278,11.75,2024-05-09,333
Store_A,Product_3,18.86,0,99,12.05,2023-01-25,248
Store_A,Product_3,10.96,0,340,10.82,2023-02-08,370
Store_A,Product_3,17.61,0,199,6.56,2023-02-13,231
Store_A,Product_3,10.14,0,382,12.3,2023-02-17,388
Store_A,Product_3,15.84,0,210,13.79,2023-03-26,320
Store_A,Product_3,17.58,1,341,5.84,2023-03-31,319
Store_A,Product_3,15.66,1,286,10.65,2023-04-03,352
Store_A,Product_3,6.31,0,498,14.47,2023-04-09,511
Store_A,Product_3,14.09,0,150,9.14,2023-04-25,309
Store_A,Product_3,18.99,0,215,17.67,2023-05-01,317
Store_A,Product_3,17.38,0,485,8.55,2023-05-12,324
Store_A,Product_3,11.78,0,179,14.37,2023-05-20,382
Store_A,Product_3,13.14,0,213,15.8,2023-06-01,390
Store_A,Product_3,18.18,0,359,8.41,2023-06-07,269
Store_A,Product_3,11.13,0,141,16.91,2023-06-28,389
Store_A,Product_3,17.4,1,496,5.27,2023-07-05,337
Store_A,Product_3,7.09,1,200,13.37,2023-07-13,456
Store_A,Product_3,14.77,0,227,10.96,2023-07-22,326
Store_A,Product_3,6.84,0,378,9.15,2023-07-30,431
Store_A,Product_3,8.54,0,205,9.69,2023-07-31,340
Store_A,Product_3,7.79,0,420,7.94,2023-08-02,378
Store_A,Product_3,6.71,0,150,13.97,2023-08-13,422
Store_A,Product_3,11.4,0,279,9.45,2023-09-11,310
Store_A,Product_3,14.37,0,363,19.82,2023-09-15,465
Store_A,Product_3,9.08,0,444,7.87,2023-09-30,380
Store_A,Product_3,12.9,0,454,11.53,2023-10-02,380
Store_A,Product_3,17.72,0,442,5.89,2023-10-30,256
Store_A,Product_3,18.15,0,178,14.76,2023-11-01,314
Store_A,Product_3,16.7,0,313,6.91,2023-11-17,270
Store_A,Product_3,11.04,1,222,12.99,2023-11-27,397
Store_A,Product_3,17.23,1,136,17.37,2023-12-07,401
Store_A,Product_3,15.8,0,457,5.97,2023-12-12,297
Store_A,Product_3,8.96,0,182,9.96,2023-12-15,334
Store_A,Product_3,11.07,0,188,9.02,2023-12-23,315
Store_A,Product_3,13.1,1,272,7.47,2024-01-12,319
Store_A,Product_3,5.08,0,239,5.04,2024-01-30,344
Store_A,Product_3,6.73,0,163,13.62,2024-02-29,431
Store_A,Product_3,12.95,0,271,9.45,2024-03-13,329
Store_A,Product_3,11.93,0,351,17.01,2024-03-25,412
Store_A,Product_3,5.0,0,287,6.38,2024-03-27,408
Store_A,Product_3,18.66,0,93,12.99,2024-04-20,291
Store_A,Product_3,5.68,0,327,11.73,2024-04-21,445
Store_A,Product_3,10.87,0,470,10.99,2024-04-23,379
